• Packages in scope: @nurseconnect-v2/contracts, @repo/tsconfig, @repo/ui, functions, web
• Running type-check in 5 packages
• Remote caching disabled
@nurseconnect-v2/contracts:type-check: cache miss, executing f78ceabbd79ced04
@nurseconnect-v2/contracts:type-check: 
@nurseconnect-v2/contracts:type-check: > @nurseconnect-v2/contracts@1.0.0 type-check /Users/arbenlila/development/nurseconnect-v2/packages/contracts
@nurseconnect-v2/contracts:type-check: > tsc --noEmit
@nurseconnect-v2/contracts:type-check: 
@nurseconnect-v2/contracts:type-check: ../../node_modules/.pnpm/zod@3.23.8/node_modules/zod/lib/helpers/util.d.ts(19,47): error TS2339: Property 'isInteger' does not exist on type 'NumberConstructor'.
@nurseconnect-v2/contracts:type-check: ../../node_modules/.pnpm/zod@3.23.8/node_modules/zod/lib/types.d.ts(617,17): error TS2583: Cannot find name 'Map'. Do you need to change your target library? Try changing the 'lib' compiler option to 'es2015' or later.
@nurseconnect-v2/contracts:type-check: ../../node_modules/.pnpm/zod@3.23.8/node_modules/zod/lib/types.d.ts(624,23): error TS2583: Cannot find name 'Map'. Do you need to change your target library? Try changing the 'lib' compiler option to 'es2015' or later.
@nurseconnect-v2/contracts:type-check: ../../node_modules/.pnpm/zod@3.23.8/node_modules/zod/lib/types.d.ts(694,121): error TS2583: Cannot find name 'Map'. Do you need to change your target library? Try changing the 'lib' compiler option to 'es2015' or later.
@nurseconnect-v2/contracts:type-check: ../../node_modules/.pnpm/zod@3.23.8/node_modules/zod/lib/types.d.ts(694,183): error TS2583: Cannot find name 'Map'. Do you need to change your target library? Try changing the 'lib' compiler option to 'es2015' or later.
@nurseconnect-v2/contracts:type-check: ../../node_modules/.pnpm/zod@3.23.8/node_modules/zod/lib/types.d.ts(712,84): error TS2583: Cannot find name 'Set'. Do you need to change your target library? Try changing the 'lib' compiler option to 'es2015' or later.
@nurseconnect-v2/contracts:type-check: ../../node_modules/.pnpm/zod@3.23.8/node_modules/zod/lib/types.d.ts(712,125): error TS2583: Cannot find name 'Set'. Do you need to change your target library? Try changing the 'lib' compiler option to 'es2015' or later.
@nurseconnect-v2/contracts:type-check: ../../node_modules/.pnpm/zod@3.23.8/node_modules/zod/lib/types.d.ts(777,5): error TS18028: Private identifiers are only available when targeting ECMAScript 2015 and higher.
@nurseconnect-v2/contracts:type-check: ../../node_modules/.pnpm/zod@3.23.8/node_modules/zod/lib/types.d.ts(796,5): error TS18028: Private identifiers are only available when targeting ECMAScript 2015 and higher.
@nurseconnect-v2/contracts:type-check: ../../node_modules/.pnpm/zod@3.23.8/node_modules/zod/lib/types.d.ts(928,14): error TS1170: A computed property name in a type literal must refer to an expression whose type is a literal type or a 'unique symbol' type.
@nurseconnect-v2/contracts:type-check: ../../node_modules/.pnpm/zod@3.23.8/node_modules/zod/lib/types.d.ts(928,15): error TS2585: 'Symbol' only refers to a type, but is being used as a value here. Do you need to change your target library? Try changing the 'lib' compiler option to es2015 or later.
@nurseconnect-v2/contracts:type-check: ../../node_modules/.pnpm/zod@3.23.8/node_modules/zod/lib/types.d.ts(929,20): error TS2552: Cannot find name 'Generator'. Did you mean 'Enumerator'?
@nurseconnect-v2/contracts:type-check: ../../node_modules/.pnpm/zod@3.23.8/node_modules/zod/lib/types.d.ts(930,42): error TS2583: Cannot find name 'Map'. Do you need to change your target library? Try changing the 'lib' compiler option to 'es2015' or later.
@nurseconnect-v2/contracts:type-check: ../../node_modules/.pnpm/zod@3.23.8/node_modules/zod/lib/types.d.ts(930,66): error TS2552: Cannot find name 'ReadonlyMap'. Did you mean 'Readonly'?
@nurseconnect-v2/contracts:type-check: ../../node_modules/.pnpm/zod@3.23.8/node_modules/zod/lib/types.d.ts(930,96): error TS2583: Cannot find name 'Set'. Do you need to change your target library? Try changing the 'lib' compiler option to 'es2015' or later.
@nurseconnect-v2/contracts:type-check: ../../node_modules/.pnpm/zod@3.23.8/node_modules/zod/lib/types.d.ts(930,111): error TS2552: Cannot find name 'ReadonlySet'. Did you mean 'Readonly'?
@nurseconnect-v2/contracts:type-check: tsconfig.json(2,14): error TS6053: File '@repo/tsconfig/base.json' not found.
@nurseconnect-v2/contracts:type-check:  ELIFECYCLE  Command failed with exit code 2.

 Tasks:    0 successful, 1 total
Cached:    0 cached, 1 total
  Time:    727ms 
Failed:    @nurseconnect-v2/contracts#type-check

