
> web@1.0.0 type-check /Users/arbenlila/development/nurseconnect-v2/apps/web
> tsc -p tsconfig.json --noEmit

src/app/(app)/profile/profile.emu.test.tsx(19,5): error TS7034: Variable 'auth' implicitly has type 'any' in some locations where its type cannot be determined.
src/app/(app)/profile/profile.emu.test.tsx(20,5): error TS7034: Variable 'db' implicitly has type 'any' in some locations where its type cannot be determined.
src/app/(app)/profile/profile.emu.test.tsx(30,21): error TS2769: No overload matches this call.
  Overload 1 of 4, '(app: FirebaseApp): Firestore', gave the following error.
    Argument of type 'FirebaseApp | undefined' is not assignable to parameter of type 'FirebaseApp'.
      Type 'undefined' is not assignable to type 'FirebaseApp'.
  Overload 2 of 4, '(databaseId: string): Firestore', gave the following error.
    Argument of type 'FirebaseApp | undefined' is not assignable to parameter of type 'string'.
      Type 'undefined' is not assignable to type 'string'.
src/app/(app)/profile/profile.emu.test.tsx(35,17): error TS7005: Variable 'auth' implicitly has an 'any' type.
src/app/(app)/profile/profile.emu.test.tsx(45,61): error TS7005: Variable 'auth' implicitly has an 'any' type.
src/app/(app)/profile/profile.emu.test.tsx(53,25): error TS7005: Variable 'db' implicitly has an 'any' type.
src/app/(auth)/signin/page.tsx(3,27): error TS2306: File '/Users/arbenlila/development/nurseconnect-v2/apps/web/src/components/auth/login-form.tsx' is not a module.
src/app/dashboard/profile/page.tsx(8,3): error TS2305: Module '"@/components/ui/form"' has no exported member 'Form'.
src/app/dashboard/profile/page.tsx(9,3): error TS2305: Module '"@/components/ui/form"' has no exported member 'FormControl'.
src/app/dashboard/profile/page.tsx(11,3): error TS2305: Module '"@/components/ui/form"' has no exported member 'FormItem'.
src/app/dashboard/profile/page.tsx(12,3): error TS2305: Module '"@/components/ui/form"' has no exported member 'FormLabel'.
src/app/dashboard/profile/page.tsx(13,3): error TS2305: Module '"@/components/ui/form"' has no exported member 'FormMessage'.
src/app/dashboard/profile/page.tsx(85,24): error TS7031: Binding element 'field' implicitly has an 'any' type.
src/components/auth/login-form.tsx(3,14): error TS2304: Cannot find name 'useForm'.
src/components/auth/login-form.tsx(5,2): error TS2552: Cannot find name 'Form'. Did you mean 'form'?
src/components/auth/login-form.tsx(7,6): error TS2304: Cannot find name 'FormField'.
src/components/auth/login-form.tsx(10,18): error TS7031: Binding element 'field' implicitly has an 'any' type.
src/components/auth/login-form.tsx(11,10): error TS2304: Cannot find name 'FormItem'.
src/components/auth/login-form.tsx(12,12): error TS2304: Cannot find name 'FormLabel'.
src/components/auth/login-form.tsx(12,29): error TS2304: Cannot find name 'FormLabel'.
src/components/auth/login-form.tsx(13,12): error TS2304: Cannot find name 'FormControl'.
src/components/auth/login-form.tsx(14,14): error TS2304: Cannot find name 'Input'.
src/components/auth/login-form.tsx(15,13): error TS2304: Cannot find name 'FormControl'.
src/components/auth/login-form.tsx(16,12): error TS2304: Cannot find name 'FormMessage'.
src/components/auth/login-form.tsx(17,11): error TS2304: Cannot find name 'FormItem'.
src/components/auth/login-form.tsx(20,6): error TS2304: Cannot find name 'FormField'.
src/components/auth/login-form.tsx(23,18): error TS7031: Binding element 'field' implicitly has an 'any' type.
src/components/auth/login-form.tsx(24,10): error TS2304: Cannot find name 'FormItem'.
src/components/auth/login-form.tsx(25,12): error TS2304: Cannot find name 'FormLabel'.
src/components/auth/login-form.tsx(25,32): error TS2304: Cannot find name 'FormLabel'.
src/components/auth/login-form.tsx(26,12): error TS2304: Cannot find name 'FormControl'.
src/components/auth/login-form.tsx(27,14): error TS2304: Cannot find name 'Input'.
src/components/auth/login-form.tsx(28,13): error TS2304: Cannot find name 'FormControl'.
src/components/auth/login-form.tsx(29,12): error TS2304: Cannot find name 'FormMessage'.
src/components/auth/login-form.tsx(30,11): error TS2304: Cannot find name 'FormItem'.
src/components/auth/login-form.tsx(35,3): error TS2552: Cannot find name 'Form'. Did you mean 'form'?
src/components/auth/signup-form.tsx(8,3): error TS2305: Module '"@/components/ui/form"' has no exported member 'Form'.
src/components/auth/signup-form.tsx(9,3): error TS2305: Module '"@/components/ui/form"' has no exported member 'FormControl'.
src/components/auth/signup-form.tsx(11,3): error TS2305: Module '"@/components/ui/form"' has no exported member 'FormItem'.
src/components/auth/signup-form.tsx(12,3): error TS2305: Module '"@/components/ui/form"' has no exported member 'FormLabel'.
src/components/auth/signup-form.tsx(13,3): error TS2305: Module '"@/components/ui/form"' has no exported member 'FormMessage'.
src/components/auth/signup-form.tsx(80,22): error TS7031: Binding element 'field' implicitly has an 'any' type.
src/components/auth/signup-form.tsx(93,22): error TS7031: Binding element 'field' implicitly has an 'any' type.
src/components/ui/form.tsx(2,27): error TS2724: '"react-hook-form"' has no exported member named 'ControllerProps'. Did you mean 'Controller'?
/Users/arbenlila/development/nurseconnect-v2/apps/web:
 ERR_PNPM_RECURSIVE_RUN_FIRST_FAIL  web@1.0.0 type-check: `tsc -p tsconfig.json --noEmit`
Exit status 1
